Infos: [0] = 	No reference to 'NullGuard.dll' found. References not modified.
Infos: [1] = 	Removing reference to 'NullGuard.dll'.
Infos: [2] = 	Removing reference to 'NullGuard.dll'.
